100 character description:,100文字の説明:
15 min,15分
1 day,1日
1 hour,1時間
1 month,1か月
