{
  "currentFilterConfigIdOverride" : null,
  "currentFilterOptions" : [ "sometestoption=value1" ],
  "addedTextunits" : [ {
    "name" : "1 day update --- 1_day_duration",
    "source" : "1 day update",
    "comments" : "File lock dialog duration",
    "pluralForm" : null,
    "pluralFormOther" : null,
    "usages" : [ "file.js:6" ]
  } ],
  "removedTextunits" : [ {
    "name" : "1 day --- 1_day_duration",
    "source" : "1 day",
    "comments" : "File lock dialog duration",
    "pluralForm" : null,
    "pluralFormOther" : null,
    "usages" : [ "file.js:6" ]
  } ]
}