100_character_description_,100 character description:,100文字の説明:,
15_min_duration,15 min,15分,File lock dialog duration
1_day_duration,1 day,1日,File lock dialog duration
1_hour_duration,1 hour,1時間,File lock dialog duration
1_month_duration,1 month,1か月,File lock dialog duration
