{
  "currentFilterConfigIdOverride" : null,
  "currentFilterOptions" : [ "sometestoption=value1" ],
  "addedTextunits" : [ ],
  "removedTextunits" : [ ]
}