{
  "addedFiles" : [ ],
  "removedFiles" : [ ],
  "addedTextUnits" : [ {
    "name" : "1 day update --- 1_day_duration",
    "source" : "1 day update",
    "comments" : "File lock dialog duration",
    "assetPath" : "LC_MESSAGES/messages.pot"
  } ],
  "removedTextUnits" : [ {
    "name" : "1 day --- 1_day_duration",
    "source" : "1 day",
    "comments" : "File lock dialog duration",
    "assetPath" : "LC_MESSAGES/messages.pot"
  } ]
}