{
  "currentFilterConfigIdOverride" : null,
  "currentFilterOptions" : [ "sometestoption=value1" ],
  "addedTextunits" : [ {
    "name" : "1 day update --- 1_day_duration",
    "source" : "1 day update",
    "comments" : "File lock dialog duration",
    "pluralForm" : null,
    "pluralFormOther" : null,
    "usages" : [ "file.js:6" ]
  }, {
    "name" : "1 month update --- 1_month_duration",
    "source" : "1 month update",
    "comments" : "File lock dialog duration",
    "pluralForm" : null,
    "pluralFormOther" : null,
    "usages" : [ "file.js:10" ]
  }, {
    "name" : "1 year --- 1_year_duration",
    "source" : "1 year",
    "comments" : "File lock dialog duration",
    "pluralForm" : null,
    "pluralFormOther" : null,
    "usages" : [ "file.js:40" ]
  }],
  "removedTextunits" : [ {
    "name" : "1 day --- 1_day_duration",
    "source" : "1 day",
    "comments" : "File lock dialog duration",
    "pluralForm" : null,
    "pluralFormOther" : null,
    "usages" : [ "file.js:6" ]
  }, {
    "name" : "1 month --- 1_month_duration",
    "source" : "1 month",
    "comments" : "File lock dialog duration",
    "pluralForm" : null,
    "pluralFormOther" : null,
    "usages" : [ "file.js:10" ]
  } ]
}