<?xml version="1.0" encoding="UTF-8"?>
<resources>
    <string name="100_character_description_">\'Description\' de <b>100</b> \"caract√®res\" :\n</string>
    <string description="File lock dialog duration" name="15_min_duration">15 min</string>
    <string description="File lock dialog duration" name="1_hour_duration">1 heure</string>
    <string description="File lock dialog duration" name="1_month_duration">1 mois</string>
    <string name="something_new">Something new</string>
</resources>