{
  "100_character_description_": {
    "string": "Description de 100 caractères :"
  },
  "15_min_duration": {
    "string": "15 min",
    "note": "File lock dialog duration"
  },
  "1_hour_duration": {
    "string": "1 heure",
    "note": "File lock dialog duration"
  },
  "1_month_duration": {
    "string": "1 mois",
    "note": "File lock dialog duration"
  },
  "something_new": {
    "string": "Something new"
  }
}