{
  "100_character_description_": {
    "defaultMessage": "100文字の説明:"
  },
  "15_min_duration": {
    "defaultMessage": "15分",
    "description": "File lock dialog duration"
  },
  "1_day_duration": {
    "defaultMessage": "1日",
    "description": "File lock dialog duration"
  },
  "1_hour_duration": {
    "defaultMessage": "1時間",
    "description": "File lock dialog duration"
  },
  "1_month_duration": {
    "defaultMessage": "1か月",
    "description": "File lock dialog duration"
  }
}