100_character_description_,100 character description:,Description de 100 caractères :,,
15_min_duration,15 min,15 min,File lock dialog duration,
1_hour_duration,1 hour,1 heure,File lock dialog duration,
1_month_duration,1 month,1 mois,File lock dialog duration,
something_new,Something new,Something new,