{
  "currentFilterConfigIdOverride" : null,
  "currentFilterOptions" : [ "sometestoption=value1" ],
  "addedTextunits" : [ {
    "name" : "1 year --- 1_year_duration",
    "source" : "1 year",
    "comments" : "File lock dialog duration",
    "pluralForm" : null,
    "pluralFormOther" : null,
    "usages" : [ "file.js:40" ]
  }],
  "removedTextunits" : [ {
    "name" : "15 min --- 15_min_duration",
    "source" : "15 min",
    "comments" : "File lock dialog duration",
    "pluralForm" : null,
    "pluralFormOther" : null,
    "usages" : [ "file.js:4" ]
  }, {
    "name" : "1 day --- 1_day_duration",
    "source" : "1 day",
    "comments" : "File lock dialog duration",
    "pluralForm" : null,
    "pluralFormOther" : null,
    "usages" : [ "file.js:6" ]
  }, {
    "name" : "1 hour --- 1_hour_duration",
    "source" : "1 hour",
    "comments" : "File lock dialog duration",
    "pluralForm" : null,
    "pluralFormOther" : null,
    "usages" : [ "file.js:8" ]
  } ]
}