<?xml version="1.0" encoding="UTF-8"?>
<resources>
    <!-- The singular and plural form for Recipe Cook Time in hours -->
    <plurals name="plural_recipe_cook_hours">
        <item formatted="false" quantity="one">Приготовление: %1$,d час</item>
        <item formatted="false" quantity="few">Приготовление: %1$,d часа</item>
        <item formatted="false" quantity="many">Приготовление: %1$,d часов</item>
        <item formatted="false" quantity="other">Приготовление: %1$,d часа</item>
    </plurals>
    
    <!-- People, as a filter -->
    <string name="people">Люди</string>
    
    <plurals name="plural_collaborators_other">
        <item formatted="false" quantity="one">%1$,d соавтор</item>
        <item formatted="false" quantity="few">%1$,d соавтора</item>
        <item formatted="false" quantity="many">%1$,d соавторов</item>
        <item formatted="false" quantity="other">%1$,d соавтора</item>
    </plurals>
    
    <!-- Header for the recipe ingredients with the ingredients countsection -->
    <plurals name="pin_recipe_ingredients_with_count">
        <item formatted="false" quantity="one">%1$d ингредиент</item>
        <item formatted="false" quantity="few">%1$d ингредиента</item>
        <item formatted="false" quantity="many">%1$d ингредиентов</item>
        <item formatted="false" quantity="other">%1$d ингредиента</item>
    </plurals>
    
    <!-- Delete a piece of content -->
    <string name="delete_confirm">Удалить</string>
</resources>