<?xml version="1.0" encoding="UTF-8"?>
<resources>
  <plurals name="plural_recipe_cook_hours">
    <item formatted="false" quantity="other">所要時間：%1$,d 時間</item>
  </plurals>
  <string name="people">ユーザー</string>
  <plurals name="plural_collaborators_other">
    <item formatted="false" quantity="other">ボード参加者：%1$,d 人</item>
  </plurals>
  <!-- Header for the recipe ingredients with the ingredients countsection -->
  <plurals name="pin_recipe_ingredients_with_count">
    <item formatted="false" quantity="other">%1$d 個の材料</item>
  </plurals>
  <!-- Delete a piece of content -->
  <string name="delete_confirm">削除</string>
  <string name="untranstaled">Untranslated</string>
  <plurals name="plural_untranslated">
    <item formatted="false" quantity="other">plural_untranslated_other</item>
  </plurals>
  <string name="do_not_translate" translatable="false">do_not_translate</string>
  <!-- translatable="false" does not work on plural -->
  <plurals name="plural_do_not_translate" translatable="false">
    <item formatted="false" quantity="other">plural_do_not_translate_other</item>
  </plurals>
</resources>
