{
  "textUnits" : [ {
    "name" : "100 character description: --- 100_character_description_",
    "source" : "100 character description:",
    "comments" : null
  }, {
    "name" : "15 min --- 15_min_duration",
    "source" : "15 min",
    "comments" : "File lock dialog duration"
  }, {
    "name" : "1 day --- 1_day_duration",
    "source" : "1 day",
    "comments" : "File lock dialog duration"
  }, {
    "name" : "1 hour --- 1_hour_duration",
    "source" : "1 hour",
    "comments" : "File lock dialog duration"
  }, {
    "name" : "1 month --- 1_month_duration",
    "source" : "1 month",
    "comments" : "File lock dialog duration"
  }, {
    "name" : "There is {number} car --- car _zero",
    "source" : "There are {number} cars",
    "comments" : "Test plural"
  }, {
    "name" : "There is {number} car --- car _one",
    "source" : "There is {number} car",
    "comments" : "Test plural"
  }, {
    "name" : "There is {number} car --- car _two",
    "source" : "There are {number} cars",
    "comments" : "Test plural"
  }, {
    "name" : "There is {number} car --- car _few",
    "source" : "There are {number} cars",
    "comments" : "Test plural"
  }, {
    "name" : "There is {number} car --- car _many",
    "source" : "There are {number} cars",
    "comments" : "Test plural"
  }, {
    "name" : "There is {number} car --- car _other",
    "source" : "There are {number} cars",
    "comments" : "Test plural"
  } ],
  "filterOptions" : null,
  "fileType" : "POFileType",
  "name" : "source4"
}