{
  "100_character_description_": {
    "message": "100文字の説明:"
  },
  "15_min_duration": {
    "message": "15分",
    "description": "File lock dialog duration"
  },
  "1_day_duration": {
    "message": "1日",
    "description": "File lock dialog duration"
  },
  "1_hour_duration": {
    "message": "1時間",
    "description": "File lock dialog duration"
  },
  "1_month_duration": {
    "message": "1か月",
    "description": "File lock dialog duration"
  }
}