100 character description:,Description de 100 caractères :
15 min,15 min
1 day,1 jour
1 hour,1 heure
1 month,1 mois
