{
  "100_character_description_" : "100 character description:",
  "15_min_duration" : "15 min",
  "1_day_duration" : "1 day",
  "1_hour_duration" : "1 hour",
  "1_month_duration" : "1 month"
}