{
  "currentFilterConfigIdOverride" : null,
  "currentFilterOptions" : [ "sometestoption=value1" ],
  "addedTextunits" : [ {
    "name" : "1 hour update --- 1_hour_duration_update",
    "source" : "1 hour update",
    "comments" : "File lock dialog duration",
    "pluralForm" : null,
    "pluralFormOther" : null,
    "usages" : [ "file.js:8" ]
  } ],
  "removedTextunits" : [ {
    "name" : "1 hour --- 1_hour_duration",
    "source" : "1 hour",
    "comments" : "File lock dialog duration",
    "pluralForm" : null,
    "pluralFormOther" : null,
    "usages" : [ "file.js:8" ]
  }, {
    "name" : "1 month --- 1_month_duration",
    "source" : "1 month",
    "comments" : "File lock dialog duration",
    "pluralForm" : null,
    "pluralFormOther" : null,
    "usages" : [ "file.js:10" ]
  } ]
}