100 character description:,Description de 100 caractères :,
15 min,15 min,
1 hour,1 heure,
1 month,1 mois,
Something new,Something new,