<?xml version="1.0" encoding="UTF-8" standalone="no"?>
<resources>
  <!-- Header for the recipe ingredients with the ingredients countsection -->
  <!-- Delete a piece of content -->
  <string name="do_not_translate" translatable="false">do_not_translate</string>
  <!-- translatable="false" does not work on plural -->
</resources>
